Modbus_Master.c:762:10:word	0	static
Modbus_Master.c:515:6:get_FC1	24	static
Modbus_Master.c:540:6:get_FC3	24	static
Modbus_Master.c:139:6:Master_ModbusInit	16	static
Modbus_Master.c:352:6:Master_vTimerCallbackT35	24	static
Modbus_Master.c:371:6:Master_vTimerCallbackTimeout	16	static
Modbus_Master.c:241:6:Master_ModbusStart	8	static
Modbus_Master.c:561:9:validateAnswer	16	static
Modbus_Master.c:806:13:sendTxBuffer	24	static
Modbus_Master.c:401:8:SendQuery	16	static
Modbus_Master.c:616:9:getRxBuffer	16	static
Modbus_Master.c:1439:6:StartTaskModbusMaster	56	static
Modbus_Master.c:111:6:MMaster_Init	8	static
