Modbus_Slave.c:1434:10:word	0	static
Modbus_Slave.c:1452:6:buildException	0	static
Modbus_Slave.c:453:6:vTimerCallbackT35	24	static
Modbus_Slave.c:472:6:vTimerCallbackTimeout	16	static
Modbus_Slave.c:596:7:TCPinitserver	8	static
Modbus_Slave.c:1288:9:getRxBuffer	16	static
Modbus_Slave.c:1329:9:validateRequest	16	static
Modbus_Slave.c:209:6:ModbusInit	16	static
Modbus_Slave.c:327:6:ModbusStart	8	static
Modbus_Slave.c:142:6:SModbus_Init	16	static
Modbus_Slave.c:790:6:ModbusCloseConn	8	static
Modbus_Slave.c:801:6:ModbusCloseConnNull	8	static
Modbus_Slave.c:491:6:TCPwaitConnData	40	static
Modbus_Slave.c:1478:13:sendTxBuffer	56	static
Modbus_Slave.c:638:6:StartTaskModbusSlave	8	static
