Screen.hpp:104:18:virtual void touchgfx::Screen::afterTransition()	0	static
Screen.hpp:144:18:virtual void touchgfx::Screen::handleTickEvent()	0	static
Screen.hpp:154:18:virtual void touchgfx::Screen::handleKeyEvent(uint8_t)	0	static
AC_VIEWView.hpp:11:13:AC_VIEWView::~AC_VIEWView()	0	static
AC_VIEWView.cpp:34:6:virtual void AC_VIEWView::tearDownScreen()	0	static
AC_VIEWView.cpp:39:6:virtual void AC_VIEWView::AC_TempUpdate(uint16_t)	8	static
AC_VIEWView.hpp:11:13:virtual AC_VIEWView::~AC_VIEWView()	8	static
AC_VIEWView.cpp:19:6:virtual void AC_VIEWView::setupScreen()	8	static
AC_VIEWView.cpp:46:6:virtual void AC_VIEWView::AC_TempUp()	8	static
AC_VIEWView.cpp:62:6:virtual void AC_VIEWView::AC_TempDown()	8	static
AC_VIEWView.cpp:80:6:virtual void AC_VIEWView::AC_setonoff()	16	static
AC_VIEWView.cpp:99:6:virtual void AC_VIEWView::AC_TempLow()	8	static
AC_VIEWView.cpp:109:6:virtual void AC_VIEWView::AC_TempMed()	8	static
AC_VIEWView.cpp:118:6:virtual void AC_VIEWView::AC_TempHigh()	16	static
AC_VIEWView.cpp:14:1:AC_VIEWView::AC_VIEWView()	8	static
