main.c:839:6:MPU_Config	32	static
main.c:750:13:MX_GPIO_Init	96	static
main.c:314:13:MX_CRC_Init	8	static
main.c:345:13:MX_DMA2D_Init	8	static
main.c:646:13:MX_FMC_Init	72	static
main.c:382:13:MX_I2C3_Init	16	static
main.c:428:13:MX_LTDC_Init	72	static
main.c:490:13:MX_QUADSPI_Init	8	static
main.c:580:13:MX_USART1_UART_Init	8	static
main.c:615:13:MX_USART6_UART_Init	8	static
main.c:528:13:MX_RTC_Init	16	static
main.c:823:6:StartDefaultTask	8	static
main.c:260:6:SystemClock_Config	96	static
main.c:151:5:main	8	static,ignoring_inline_asm
main.c:880:6:HAL_TIM_PeriodElapsedCallback	8	static
main.c:897:6:Error_Handler	0	static
