main.c:851:6:MPU_Config	32	static
main.c:748:13:MX_GPIO_Init	96	static
main.c:312:13:MX_CRC_Init	8	static
main.c:343:13:MX_DMA2D_Init	8	static
main.c:644:13:MX_FMC_Init	72	static
main.c:380:13:MX_I2C3_Init	16	static
main.c:426:13:MX_LTDC_Init	72	static
main.c:488:13:MX_QUADSPI_Init	8	static
main.c:578:13:MX_USART1_UART_Init	8	static
main.c:613:13:MX_USART6_UART_Init	8	static
main.c:526:13:MX_RTC_Init	16	static
main.c:821:6:StartDefaultTask	48	static
main.c:258:6:SystemClock_Config	96	static
main.c:149:5:main	8	static,ignoring_inline_asm
main.c:892:6:HAL_TIM_PeriodElapsedCallback	8	static
main.c:909:6:Error_Handler	0	static
