stm32f7xx_it.c:76:6:NMI_Handler	0	static
stm32f7xx_it.c:89:6:HardFault_Handler	0	static
stm32f7xx_it.c:104:6:MemManage_Handler	0	static
stm32f7xx_it.c:119:6:BusFault_Handler	0	static
stm32f7xx_it.c:134:6:UsageFault_Handler	0	static
stm32f7xx_it.c:149:6:DebugMon_Handler	0	static
stm32f7xx_it.c:169:6:USART1_IRQHandler	8	static
stm32f7xx_it.c:183:6:TIM6_DAC_IRQHandler	8	static
stm32f7xx_it.c:197:6:ETH_IRQHandler	8	static
stm32f7xx_it.c:211:6:USART6_IRQHandler	8	static
stm32f7xx_it.c:225:6:LTDC_IRQHandler	8	static
stm32f7xx_it.c:239:6:DMA2D_IRQHandler	8	static
