ModelListener.hpp:21:18:virtual void ModelListener::LIGHT_Setnewvalue(uint16_t)	0	static
ModelListener.hpp:22:18:virtual void ModelListener::RTC_UpdateTime(uint8_t, uint8_t, uint8_t)	0	static
ModelListener.hpp:23:18:virtual void ModelListener::LIGHT_MB2Light(uint16_t)	0	static
AC_VIEWPresenter.hpp:28:13:AC_VIEWPresenter::~AC_VIEWPresenter()	0	static
AC_VIEWPresenter.cpp:10:6:virtual void AC_VIEWPresenter::activate()	0	static
AC_VIEWPresenter.cpp:20:6:virtual void AC_VIEWPresenter::AC_Setnewvalue(uint16_t)	0	static
AC_VIEWPresenter.cpp:24:6:virtual void AC_VIEWPresenter::AC_SetOnOff(bool)	0	static
AC_VIEWPresenter.hpp:28:13:virtual AC_VIEWPresenter::~AC_VIEWPresenter()	8	static
AC_VIEWPresenter.hpp:28:13:virtual void* AC_VIEWPresenter::_ZThn4_N16AC_VIEWPresenterD1Ev()	0	static
AC_VIEWPresenter.hpp:28:13:virtual void* AC_VIEWPresenter::_ZThn4_N16AC_VIEWPresenterD0Ev()	16	static
AC_VIEWPresenter.hpp:30:10:virtual void AC_VIEWPresenter::_ZThn4_N16AC_VIEWPresenter14AC_SetnewvalueEt(uint16_t)	0	static
AC_VIEWPresenter.hpp:31:10:virtual void AC_VIEWPresenter::_ZThn4_N16AC_VIEWPresenter11AC_SetOnOffEb(bool)	0	static
AC_VIEWPresenter.cpp:4:1:AC_VIEWPresenter::AC_VIEWPresenter(AC_VIEWView&)	8	static
