Screen.hpp:104:18:virtual void touchgfx::Screen::afterTransition()	0	static
Screen.hpp:144:18:virtual void touchgfx::Screen::handleTickEvent()	0	static
Screen.hpp:154:18:virtual void touchgfx::Screen::handleKeyEvent(uint8_t)	0	static
AC_VIEWView.hpp:11:13:AC_VIEWView::~AC_VIEWView()	0	static
AC_VIEWView.cpp:34:6:virtual void AC_VIEWView::tearDownScreen()	0	static
AC_VIEWView.hpp:11:13:virtual AC_VIEWView::~AC_VIEWView()	8	static
AC_VIEWView.cpp:18:6:virtual void AC_VIEWView::setupScreen()	8	static
AC_VIEWView.cpp:75:6:virtual void AC_VIEWView::AC_setonoff()	16	static
AC_VIEWView.cpp:93:6:virtual void AC_VIEWView::AC_TempLow()	8	static
AC_VIEWView.cpp:102:6:virtual void AC_VIEWView::AC_TempMed()	8	static
AC_VIEWView.cpp:110:6:virtual void AC_VIEWView::AC_TempHigh()	8	static
AC_VIEWView.cpp:40:6:virtual void AC_VIEWView::AC_TempUp()	8	static
AC_VIEWView.cpp:56:6:virtual void AC_VIEWView::AC_TempDown()	8	static
AC_VIEWView.cpp:13:1:AC_VIEWView::AC_VIEWView()	8	static
