Screen.hpp:104:18:virtual void touchgfx::Screen::afterTransition()	0	static
Screen.hpp:144:18:virtual void touchgfx::Screen::handleTickEvent()	0	static
Screen.hpp:154:18:virtual void touchgfx::Screen::handleKeyEvent(uint8_t)	0	static
LIGHT_VIEWView.hpp:11:13:LIGHT_VIEWView::~LIGHT_VIEWView()	0	static
LIGHT_VIEWView.cpp:28:6:virtual void LIGHT_VIEWView::tearDownScreen()	0	static
LIGHT_VIEWView.cpp:57:6:virtual void LIGHT_VIEWView::LIGHT_Updater(uint16_t)	0	static
LIGHT_VIEWView.cpp:23:6:virtual void LIGHT_VIEWView::setupScreen()	0	static
LIGHT_VIEWView.hpp:11:13:virtual LIGHT_VIEWView::~LIGHT_VIEWView()	8	static
LIGHT_VIEWView.cpp:18:1:LIGHT_VIEWView::LIGHT_VIEWView()	8	static
