Screen.hpp:104:18:virtual void touchgfx::Screen::afterTransition()	0	static
Screen.hpp:144:18:virtual void touchgfx::Screen::handleTickEvent()	0	static
Screen.hpp:154:18:virtual void touchgfx::Screen::handleKeyEvent(uint8_t)	0	static
LIGHT_VIEWView.hpp:11:13:LIGHT_VIEWView::~LIGHT_VIEWView()	0	static
LIGHT_VIEWView.cpp:29:6:virtual void LIGHT_VIEWView::tearDownScreen()	0	static
LIGHT_VIEWView.cpp:39:6:virtual void LIGHT_VIEWView::LIGHT_Updater(uint16_t)	0	static
LIGHT_VIEWView.cpp:24:6:virtual void LIGHT_VIEWView::setupScreen()	0	static
LIGHT_VIEWView.cpp:116:6:virtual void LIGHT_VIEWView::LIGHT_Update_0(bool)	16	static
LIGHT_VIEWView.cpp:121:6:virtual void LIGHT_VIEWView::LIGHT_Update_1(bool)	16	static
LIGHT_VIEWView.cpp:126:6:virtual void LIGHT_VIEWView::LIGHT_Update_2(bool)	16	static
LIGHT_VIEWView.cpp:131:6:virtual void LIGHT_VIEWView::LIGHT_Update_3(bool)	16	static
LIGHT_VIEWView.cpp:136:6:virtual void LIGHT_VIEWView::LIGHT_Update_4(bool)	16	static
LIGHT_VIEWView.hpp:11:13:virtual LIGHT_VIEWView::~LIGHT_VIEWView()	8	static
LIGHT_VIEWView.cpp:44:6:virtual void LIGHT_VIEWView::Light_Button0()	8	static
LIGHT_VIEWView.cpp:59:6:virtual void LIGHT_VIEWView::Light_Button1()	8	static
LIGHT_VIEWView.cpp:73:6:virtual void LIGHT_VIEWView::Light_Button2()	8	static
LIGHT_VIEWView.cpp:88:6:virtual void LIGHT_VIEWView::Light_Button3()	8	static
LIGHT_VIEWView.cpp:102:6:virtual void LIGHT_VIEWView::Light_Button4()	8	static
LIGHT_VIEWView.cpp:19:1:LIGHT_VIEWView::LIGHT_VIEWView()	8	static
