ModelListener.hpp:18:18:virtual void ModelListener::AC_Setnewvalue(short unsigned int)	0	static
ModelListener.hpp:19:18:virtual void ModelListener::RTC_UpdateTime(uint8_t, uint8_t, uint8_t)	0	static
LIGHT_VIEWPresenter.hpp:28:13:LIGHT_VIEWPresenter::~LIGHT_VIEWPresenter()	0	static
LIGHT_VIEWPresenter.cpp:10:6:virtual void LIGHT_VIEWPresenter::activate()	0	static
LIGHT_VIEWPresenter.hpp:28:13:virtual LIGHT_VIEWPresenter::~LIGHT_VIEWPresenter()	8	static
LIGHT_VIEWPresenter.hpp:28:13:virtual void* LIGHT_VIEWPresenter::_ZThn4_N19LIGHT_VIEWPresenterD1Ev()	0	static
LIGHT_VIEWPresenter.cpp:4:1:LIGHT_VIEWPresenter::LIGHT_VIEWPresenter(LIGHT_VIEWView&)	8	static
